// Jest Snapshot v1, https://goo.gl/fbAQLP

exports[`trims all unnecessary spaces 1`] = `
"# Title

\`code\`

\`code  with 2  spaces\`

\`    const param = [  1, 2,   3 ]    \`

\`const param = false\`

\`\`\`
const block =  true
\`\`\`

Paragraph with **bold** text.

Paragraph with **_bold italic_** text:

_Paragraph with [link with spaces](https://link.com). Some oher text follows..._

Paragraph with image ![caption with spaces](https://images.com/demo.png)

Paragraph with _italic_ text.

Paragraph with _italic_ text,

Paragraph with text -

**Paragraph with** line break

-   List 1
-   List 2

_You can follow me here on [Medium](https://medium.com/@jinsonvarghese) or [my website](https://www.jinsonvarghese.com) for more stories about the various Security Audits I do and the crazy vulnerabilities I find, as well as on [Twitter](https://twitter.com/JinsonCyberSec) for more Cybersecurity related news._
"
`;
